A D/aeic2arc////
A D/alarms////
A D/arc2trigII////
A D/archive////
A D/coinclist////
A D/configure_ewdb_install////
A D/db_cleanup////
A D/db_cleanup2////
A D/delete_event////
A D/ellipse2arc////
A D/eqparam2html////
A D/evt_discr////
A D/gencatalog////
A D/get_transfunc////
A D/getimage////
A D/getlist////
A D/hypo2ora////
A D/include////
A D/libsrc////
A D/mag2ora////
A D/manual_trigger////
A D/merge////
A D/nsn_pz2ora////
A D/ora2sactarfile////
A D/ora2snippet_gif////
A D/ora_trace_fetch////
A D/ora_trace_req////
A D/ora_trace_save////
A D/orareport////
A D/placelist_city2ora////
A D/placelist_place2ora////
A D/reaper////
A D/review////
A D/sac2hypo////
A D/sac_pz2ora////
A D/scn2pz////
A D/shakemapfeed////
A D/sm_ew2ora////
A D/smdbtest////
A D/stainfo////
A D/stalist_bk2ora////
A D/stalist_hinv2ora////
A D/stalist_shkmap2ora////
A D/stalist_usnsn2ora////
A D/station_maintenance////
A D/triglist2ora////
A D/unlocker////
A D/utah////
A D/util////
A D/wvdbtest////
