A D/binder_ew////
A D/carlstatrig////
A D/carlsubtrig////
A D/compress_UA////
A D/decimate////
A D/decompress_UA////
A D/eqbuf////
A D/eqcoda////
A D/eqfilter////
A D/eqfilterII////
A D/eqprelim////
A D/eqproc////
A D/eqverify////
A D/evansassoc////
A D/evanstrig////
A D/ew2rsam////
A D/ew2ssam////
A D/fir////
A D/geqproc////
A D/glass////
A D/globalproc////
A D/gmew////
A D/hyp2000////
A D/hyp2000_mgr////
A D/localmag////
A D/pick_ew////
A D/pkfilter////
A D/rayloc_ew////
A D/raypicker////
A D/statrigfilter////
A D/wftimefilter////
