AAE    9.0291N  38.7655E 2442 IU Addis Ababa, Ethiopia
AAK   42.6390N  74.4940E 1645 II Ala-Archa, Kyrgyzstan
AAM   42.2997N  83.6561W  249 US Ann Arbor, Michigan, USA
ABKT  37.9303N  58.1188E  678 II Alibek (Geyokcha), Turkmenistan
ABL   34.8508N 119.2208W 1981 NC Mount Abel, Kern County, California, USA
ADK   51.8837N 176.6844W  116 IU Adak, Aleutian Islands, Alaska, USA
AFI   13.9094S 171.7772W  706 IU Afiamalu, Western Samoa
AHID  42.7653N 111.1003W 1960 US Auburn Hatchery, Idaho, USA
AML   42.1311N  73.6941E 3400 KN Almayashu, Kyrgyzstan
ANM   64.5655N 165.3716W  330 AK Nome--Anvil Mountain, Alaska, USA
ANMO  34.9461N 106.4566W 1740 IU Albuquerque, New Mexico, USA
ANTO  39.8688N  32.7936E  883 IU Ankara, Turkey
ARU   56.4000N  58.6000E  250 II Arti, Sverdlovskaya Oblast, Russia
ARUT  37.7880N 113.4403W 1646 UU Antelope Range, Iron County, Utah, USA
ASCN   7.9326S  14.3601W  173 II Ascension (Butt Crater), Ascension
ASMM  38.8233N 120.6833W 1214 NC Slate Mountain, California, USA
AUP   59.3623N 153.4205W 1033 AK Augustine Pinnacle, Western Alaska, Alaska, USA
BALM  61.0361N 142.3445W 1300 AK Baldy, Central Alaska, Alaska, USA
BDFB  15.6411S  48.0141W 1095 GT Brasilia, Distrito Federal, Brazil
BEKR  39.8667N 120.3586W 1743 NN Beckwourth, Plumas County, California, USA
BGCA   5.1761N  18.4241E  576 GT Bogoin, Central African Republic
BGIO  31.7220N  35.0878E  760 GE Bar Giyyora, Israel
BINY  42.1993N  75.9861W  498 US Binghamton, New York, USA
BJT   40.0183N 116.1678E  197 IC Baijiatuan, Beijing, China (Mainland)
BLA   37.2113N  80.4210W  634 US Blacksburg, Virginia, USA
BLO   39.1719N  86.5222W  246    Bloomington, Indiana, USA
BMN   40.4314N 117.2217W 1500 LB Battle Mountain, Nevada, USA
BMW   46.4750N 123.2280W  870 II Boistfort Mountain, Washington, USA
BNM   34.1501N 106.6278W 2121    Barren Site, New Mexico, USA
BOCO   4.5868N  74.0432W 3071 IU Bogota, Colombia
BORG  64.7474N  21.3268W  110 II Borgarnes, Iceland
BOSA  28.6140S  25.2555E 1202 GT Boshof, South Africa
BOZ   45.6469N 111.6296W 1589    Bozeman, Montana, USA
BRW   71.3033N 156.7483W    0 AK Barrow, Northern Alaska, Alaska, USA
BW06  42.7777N 109.5555W 2200 US Boulder Array, Wyoming, USA
CBKS  38.8140N  99.7373W  677    Cedar Bluff, Kansas, USA
CCM   38.0556N  91.2445W  223 US Cathedral Cave, Missouri, USA
CEH   35.8908N  79.0927W  152 US Chapel Hill, North Carolina, USA
CHMT  46.9143N 113.2520W 2077    Chamberlain Mountain, Montana, USA
CHTO  18.8138N  98.9438E  316 IU Chiang Mai, Thailand
CLNB  32.2641N 103.8786W 1045    Carlsbad, New Mexico, USA
CMB   38.0350N 120.3850W  719 US Columbia College, California, USA
CMLA  37.7636N  25.5243W  332 II Cha de Macela, Azores, Portugal
COCO  12.1901S  96.8348E  -68 II Cocos Island (Keeling Island), Cocos Islands
COLA  64.8738N 147.8511W  195 IU College, Central Alaska, Alaska, USA
COR   44.5857N 123.3031W  121 US Corvallis, Oregon, USA
COW   33.3816N  80.6993W   60    Cow Castle Creek, South Carolina, USA
CPRX  33.0308N 103.8666W 1356    Cap Rock, New Mexico, USA
CPUP  26.3305S  57.3291W    5 GT Villa Florida, Paraguay
CSU   32.9860N  80.0706W    0    Charleston Southern University, South Carolina,
CTAO  20.0883S 146.2544E  357 IU Charters Towers, Queensland, Australia
CTU   40.6925N 111.7503W 1731 UU Camp Tracy, Salt Lake County, Utah, USA
CVR   37.4511N 121.7991W  265 NC Calaveras Reservoir, California, USA
CWPT  36.0091N  89.6263W   76 SE Cottonwood Point, Tennessee, USA
DAC   36.2770N 117.5937W 1814 LB Darwin, Inyo County, California, USA
DAU   40.4125N 111.2558W 2771 UU Daniels Canyon, Wasatch County, Utah, USA
DAV    7.0877N 125.5747E   85 IU Davao, Mindanao, Philippines
DBIC   6.6700N   4.8563W   25 GT Dimbokro, Cote d'Ivoire
DHH   21.2700N 157.8051W  135 HI Diamond Head, Oahu, Hawaii, USA
DIV   61.1295N 145.7717W  931    Divide, Central Alaska, Alaska, USA
DLAR  35.8097N  90.0080W   67 SE Dell, Arkansas, USA
DPC   50.3583N  16.4111E  760 CZ Dobruska-Polom, Czechoslovakia
DPW   47.8706N 118.2028W  892 II Davenport, Washington, USA
DRLN  49.2560N  57.5042W  238 CN Deer Lake, Newfoundland, Canada
DSB   53.2450N   6.3760W  236 GE Dublin, Eire
DUG   40.1950N 112.8133W 1477 US Dugway, Tooele County, Utah, USA
DWPF  28.1103N  81.4328W -141 US Disney Wilderness Preserve, Florida, USA
EBZ   35.1413N  89.3505W  169 SE Ebenezer Church, Tennessee, USA
EFI   51.6753S  58.0636W   30 II East Falkland Island, Falkland Islands
ELK   40.7448N 115.2387W 2210 US Elko, Nevada, USA
ENH   30.2718N 109.4868E  487 IC Enshi, Hubei, China (Mainland)
ERW   48.4540N 122.6250W  389 II Mount Erie, Washington, USA
ESK   55.3166N   3.2050W  242 II Eskdalemuir, Scotland, United Kingdom
EYMN  47.9461N  91.4950W  475 US Ely, Minnesota, USA
FFC   54.7250N 101.9783W  338 II Flin Flon, Manitoba, Canada
FIB   61.1663N 150.1750W   50    Fire Island, Central Alaska, Alaska, USA
FURI   8.8966N  38.6783E 2560 II Furi, Ethiopia
GDL2  32.2003N 104.3635W 1213    Guadalupe Mountain, New Mexico, USA
GHMM  39.4623N 122.9300W 1486 NC Hull Mountain, Lake County, California, USA
GLD   39.7505N 105.2213W 1762 GO Golden, Colorado, USA
GLST  36.2691N  89.2877W  122 SE Glass, Tennessee, USA
GMW   47.5479N 122.7863W  506 II Gold Mountain, Washington, USA
GNI   40.0530N  44.7240E 1460 IU Garrni (Garni), Armenia
GOGA  33.4111N  83.4666W  150 US Godfrey, Georgia, USA
GOU   61.1891N 149.8003W   71    Gould Hall, Central Alaska, Alaska, USA
GRAI  43.8093N 111.3357W 2231    Grandview Point, Idaho, USA
GRFO  49.6922N  11.2152E  425 IU Graefenberg, Bayern, Germany
GUMO  13.5878N 144.8663E  135 IU Guam, Guam, Mariana Islands
GWDE  38.8256N  75.6171W   19 US Greenwood, Delaware, USA
HAWA  46.3925N 119.5326W  364 US Hanford, Washington, USA
HAYW  43.6395N 110.3325W 2835    Haystack Fork, Wyoming, USA
HBF   32.9330N  80.3776W   10    Harts Bluff, South Carolina, USA
HIA   49.2666N 119.7416E  610 IC Hailar, Inner Mongolia, China (Mainland)
HKL   20.7125N 156.2554W 3233    Haleakala, Maui, Hawaii, USA
HKT   29.9500N  95.8333W -121 US Hockley, Texas, USA
HLID  43.5625N 114.4137W 1772 US Hailey, Idaho, USA
HNH   43.7052N  72.2855W  180 X  Hanover, New Hampshire, USA
HNR    9.4321S 159.9471E   72 IU Honiara, Solomon Islands
HON   21.3216N 158.0083W    3 HI Honolulu, Oahu, Hawaii, USA
HOPE  54.2836S  36.4878W   20 II Hope Point, South Georgia
HOPS  38.9940N 123.0720W  299 BK Hopland, Mendocino County, California, USA
HPO   19.0880N 155.5541W   10    Honuapo, Hawaii, Hawaii, USA
HRY   46.7113N 111.8311W 1341    Holter Research Foundation--York Bridge, Montan
HSO   43.5258N 123.0900W 1020 II Harness Mountain, Oregon, USA
HVU   41.7796N 112.7750W 1609 UU Hansel Valley, Box Elder County, Utah, USA
HWUT  41.6073N 111.5650W 1720    Hardware Ranch, Cache County, Utah, USA
IMA   66.0684N 153.6786W 1380    Indian Mountain, Western Alaska, Alaska, USA
INCN  37.4830N 126.6330E    0 IU Inchon, South Korea
INK   68.3066N 133.5200W   40 CN Inuvik, Northwest Territories, Canada
ISA   35.6633N 118.4733W  835 US Isabella, Kern County, California, USA
ISCO  39.7997N 105.6134W 2743    Idaho Springs, Colorado, USA
ISP   37.8433N  30.5093E 1100 GE Isparta, Turkey
IVS   60.0091N 153.0808W 2332 AK Iliamna South, Western Alaska, Alaska, USA
JCT   30.4794N  99.8022W  591    Junction, Texas, USA
JFWS  42.9148N  90.2488W  318    Jewell Farm, Wisconsin, USA
JSC   34.2816N  81.2603W  120 SE Jenkinsville, South Carolina, USA
JTS   10.2908N  84.9525W  340 II Juntas de Abangares, Costa Rica
KAPI   5.0141S 119.7516E   30 II Kappang, Sulawesi, Indonesia
KBRM  40.7298N 123.9556W  853 NC Barry Ridge, Humboldt County, California, USA
KBS   78.9175N  11.9238E   46 IU Kingsbay, Svalbard, Norway
KDAK  57.7828N 152.5835W   52 II Kodiak Island, Kodiak Island, Alaska, USA
KDC   57.7478N 152.4916W   13    Kodiak, Kodiak Island, Alaska, USA
KEV   69.7552N  27.0066E   80 IU Kevo, Finland
KIEV  50.6944N  29.2100E  164 IU Kiev, Ukraine
KIP   21.4233N 158.0138W   73 IU Kipapa, Oahu, Hawaii, USA
KIPM  39.8086N 123.4805W 1367 NC Iron Peak, Mendocino County, California, USA
KIV   43.9562N  42.6888E 1210 II Kislovodsk, Stavropolskiy Kray, Russia
KKH   19.6641N 156.0089W    5    Kailua Kona, Hawaii, Hawaii, USA
KMBO   1.1268N  37.2523E 1960 IU Kilima Mbogo, Kenya
KMI   25.1233N 102.7400E 1945 IC Kunming, Yunnan, China (Mainland)
KNB   37.0166N 112.8224W 1715 US Kanab, Kane County, Utah, USA
KONO  59.6490N   9.5982E  216 IU Kongsberg, Norway
LAZ   34.4020N 107.1393W 1853    Ladron, New Mexico, USA
LBNH  44.2401N  71.9258W  367    Lisbon, New Hampshire, USA
LBTB  25.0145S  25.5970E 1028 GT Lobatse, Botswana
LCCM  45.8376N 111.8781W 1669    Lewis and Clark Caverns, Montana, USA
LENM  34.1655N 106.9741W 1698    Lemitar, New Mexico, USA
LGBM  41.3451N 122.1943W 2304 NC Gray Butte, Siskiyou County, California, USA
LHS   34.4761N  80.8061W  120    Liberty Hill, South Carolina, USA
LKC   37.7380N 122.0638W  312 NC Lake Chabot, Alameda County, California, USA
LKWY  44.5651N 110.4000W 2424 US Lake, Wyoming, USA
LNOR  45.8710N 118.2850W  768 II Lincton Mountain, Oregon, USA
LON   46.7500N 121.8100W  854 II Longmire, Washington, USA
LPAZ  16.2879S  68.1306W 4774    La Paz, Bolivia
LPIG  24.1020N 110.3080W   46    La Paz, Baja California Sur, Mexico
LPM   34.3116N 106.6318W 1737    Los Pinos Mountain, New Mexico, USA
LRV   36.4248N 121.0183W  541 NC Little Rabbit Valley, California, USA
LSA   29.7000N  91.1500E 3658 IU Lhasa, Tibet, China (Mainland)
LSCT  41.6783N  73.2243W  318    Lakeside, Connecticut, USA
LSZ   15.2766S  28.1882E 1185 IU Lusaka, Zambia
LTX   29.3338N 103.6669W 1013 US Lajitas, Texas, USA
LVC   22.6128S  68.9113W 2165 IU Limon Verde, Antofagasta, Chile
MA2   59.5753N 150.7678E  339 IU Magadan, Magadanskaya Oblast, Russia
MAJO  36.5426N 138.2070E  406 IU Matsushiro, Nagano, Honshu, Japan
MBC   76.2416N 119.3600W   15 CN Mould Bay, Northwest Territories, Canada
MCK   63.7323N 148.9350W  610    McKinley, Central Alaska, Alaska, USA
MCMT  44.8276N 112.8488W 2323    McKenzie Canyon, Montana, USA
MCWV  39.6581N  79.8456W  280 US Mont Chateau, West Virginia, USA
MDJ   44.6163N 129.5919E  250 IC Mudanjiang, Heilongjiang, China (Mainland)
MIAR  34.5457N  93.5730W  207    Mount Ida, Arkansas, USA
MNV   38.4328N 118.1531W 1524 US Mina, Nevada, USA
MOD   41.9033N 120.3058W  300    Modoc, Modoc County, California, USA
MPU   40.0155N 111.6333W 1909 UU Maple Canyon, Utah, USA
MSEY   4.6736S  55.4791E  475 II Mahe Island, Seychelles
MSU   38.5133N 112.1741W 2141 UU Marysvale, Piute County, Utah, USA
MTPC  35.4848N 115.5533W 1582 CI Mountain Pass, California, USA
MTUM  37.3533N 118.5635W 1810 NC Tungsten Hills, Inyo County, California, USA
MVU   38.5037N 112.2123W 2240 LB Marysvale, Piute County, Utah, USA
MYNC  35.0738N  84.1278W  550    Murphy, North Carolina, USA
NAI    1.2739S  36.8036E 1692 IU Nairobi, Kenya
NCB   43.9708N  74.2236W  500    Newcomb, New York, USA
NEW   48.2633N 117.1200W  760    Newport, Washington, USA
NIL   33.6500N  73.2516E  536 II Nilore, Pakistan
NNA   11.9873S  76.8421W  575 II Nana, Peru
NOQ   40.6525N 112.1203W 1622 UU North Oquirrh Mountains, Utah, USA
NSHM  38.5200N 122.6071W  328 NC Saint Helena Road, California, USA
NWAO  32.9269S 117.2338E  265 IU Narrogin, Western Australia, Australia
OBN   55.1000N  36.6000E  130 II Obninsk, Kaluzhskaya Oblast, Russia
OCWA  47.7489N 124.1780W  671 US Octopus Mountain, Washington, USA
OHCM  39.3356N 121.4840W   79 NC Honcut, Yuba County, California, USA
OPA   21.6905N 158.0119W  150    Opana, Oahu, Hawaii, USA
OXF   34.5118N  89.4091W  101 US Oxford, Mississippi, USA
PAB   39.5458N   4.3483W  938 IU San Pablo de los Montes, Spain
PAHR  39.7065N 119.3841W 1500 NN Pah Rah Range, Nevada, USA
PAL   41.0041N  73.9091W   91 NE Palisades, New York, USA
PAS   34.1483N 118.1716W  295 IU Pasadena, Los Angeles County, California, USA
PAYG   0.6740S  90.2858W  196 IU Puerto Ayora, Galapagos, Ecuador
PET   53.0166N 158.6499E   25 IU Petropavlovsk-Kamchatskiy, Kamchatskaya Oblast,
PFO   33.6091N 116.4552W 1280 II Pinyon Flat Observatory, California, USA
PINI  43.5076N 111.3457W 1932    Pine Creek, Idaho, USA
PLAL  34.9823N  88.0754W  165    Pickwick Lake, Alabama, USA
PLCA  40.7327S  70.5508W  956 GT Paso Flores (Cerro Alto), Rio Negro, Argentina
PLVA  36.6673N  81.1581W 1353    Point Lookout, Virginia, USA
PMG    9.4061S 147.1588E   65 IU Port Moresby, New Guinea, Papua New Guinea
PMR   61.5922N 149.1308W  100    Palmer, Central Alaska, Alaska, USA
PNT   49.3166N 119.6166W  550 CN Penticton, British Columbia, Canada
POHA  19.7575N 155.5325W 1967 IU Pohakuloa Training Area, Hawaii, Hawaii, USA
PRM   34.0833N  82.3633W  254 SE Parsons Mountain, South Carolina, USA
PTGA   0.7308S  59.9666W    0 IU Pitinga, Brazil
PTI   42.8703N 112.3701W 1670 UU Pocatello Creek, Idaho, USA
PTRM  35.6546N 120.2111W  643 NC Twissleman Ranch, California, USA
PV09  38.4986N 109.1335W 2652 GO Paradox Valley (North La Sal), Utah, USA
PV10  38.3763N 109.0388W 2316 GO Paradox Valley (South La Sal), Colorado, USA
PWLA  34.9799N  88.0636W  204 SE Pickwick Lake, Alabama, USA
QLMT  44.8316N 111.4275W 2012    Earthquake Lake, Montana, USA
QUAR  35.6439N  90.6491W  115 SE Qualls, Arkansas, USA
RAR   21.2125S 159.7733W   28 IU Rarotonga, Cook Islands
RCBR   5.8275S  35.9013W  420 IU Riachuelo, Rio Grande do Norte, Brazil
REDW  43.3623N 110.8517W 2192    Red Top Meadow, Wyoming, USA
RELT  36.0332N  89.3021W  107 SE Roellen, Tennessee, USA
RES   74.6866N  94.9000W   15 CN Resolute, Northwest Territories, Canada
RICH  35.9195N  82.8186W  968    Rich Mountain, North Carolina, USA
RMW   47.4596N 121.8053W 1024 II Rattlesnake Mountain, Washington, USA
RPN   27.1266S 109.3344W  110 II Rapa Nui, Easter Island, Valparaiso, Chile
RSO   60.4621N 152.7538W 1921    Redoubt South, Western Alaska, Alaska, USA
RSSD  44.1204N 104.0361W 2060 US Black Hills, South Dakota, USA
RW3   38.2501N 107.6870W 2603    Ridgway, Colorado, USA
RW4   38.1568N 107.6156W 2739    Ridgway, Colorado, USA
RW5   38.0800N 107.8325W 2991    Ridgway, Colorado, USA
SAC   37.5825N 122.4171W  207 NC San Andreas, San Mateo County, California, USA
SADO  44.7693N  79.1416W  243 CN Sadowa, Ontario, Canada
SAO   36.7650N 121.4450W  350 US San Andreas Geo. Obs., San Benito County, Calif
SBA   77.8488S 166.7573E   20 IU Scott Base, Greater Antarctica, Antarctica
SCCK  35.0228N  82.9915W  701    Coley Creek, South Carolina, USA
SDN   55.3413N 160.4971W   23    Sand Point, Alaska Peninsula, Alaska, USA
SDV    8.8861N  70.6333W 1580 IU Santo Domingo, Venezuela
SFJ   67.0000N  50.7000W    0 IU Soondre Stroomfjord, Greenland
SFTN  35.3575N  90.0187W  -22 SE Shelby Forest, Tennessee, USA
SFUC  36.6370N   6.1750W   88 GE San Fernando (San Cristobal), Andalucia, Spain
SGS   33.1926N  80.5118W   24 SE St George, South Carolina, USA
SHEL  15.9588S   5.7456W  537 II Saint Helena Island, Saint Helena
SHW   46.1925N 122.2366W 1423 II Mount Saint Helens, Washington, USA
SIT   57.0569N 135.3244W   19    Sitka, Southeastern Alaska, Alaska, USA
SIUC  37.7148N  89.2176W  137    Southern Illinois University (Carbondale), Illi
SJG   18.1116N  66.1500W  457 IU San Juan, Puerto Rico
SLM   38.6361N  90.2361W  161    Saint Louis, Missouri, USA
SML   61.8081N 148.3329W  740 AK Sawmill, Central Alaska, Alaska, USA
SMY   52.7308N 174.1030E   58    Shemya, Aleutian Islands, Alaska, USA
SNCC  33.2480N 119.5240W  227 TS San Nicolas Island, California, USA
SNZO  41.3102S 174.7046E  -11 IU South Karori, North Island, New Zealand
SPA   90.0000S   0.0000E 2927 IU South Pole, Greater Antarctica, Antarctica
SPU   61.1816N 152.0543W  800    Mount Spurr, Western Alaska, Alaska, USA
SPW   47.5537N 122.2458W    8 II Seward Park, Washington, USA
SRU   39.1108N 110.5238W 1804 UU San Rafael, Emery County, Utah, USA
SSE   31.0955N 121.1866E   10 IC Sheshan, Shanghai, China (Mainland)
SSLW  54.7717N 164.1213W  628 AK Shishaldin West, Aleutian Islands, Alaska, USA
SSOR  44.8560N 122.4605W 1242 II Sweet Springs, Oregon, USA
SSPA  40.6358N  77.8880W  158 US Standing Stone, Pennsylvania, USA
STEW  44.0497N 110.6816W 2316    Steamboat Mountain, Wyoming, USA
SUR   32.3800S  20.8116E 1760 II Sutherland, Cape Province, South Africa
TATO  24.9753N 121.4880E   53 IU Taipei, China (Taiwan)
TAU   42.9099S 147.3204E  132 II Tasmania University, Tasmania, Australia
TBT   28.6793N  17.9145W  180 IU Taburiente, Canary Islands, Spain
TIXI  71.6490N 128.8665E   50 IU Tiksi, Yakutskaya ASSR, Russia
TLY   51.6806N 103.6438E  579 II Talaya, Irkutskaya Oblast', Russia
TMI   43.3055N 111.9180W 2179 UU Taylor Mountain, Idaho, USA
TPH   38.0750N 117.2225W 1884 LB Tonopah, Nevada, USA
TPNV  36.9286N 116.2236W 1600 US Topopah Spring, Nevada, USA
TSUM  19.2021S  17.5838E 1240 IU Tsumeb, Namibia
TTA   62.9301N 156.0116W  990    Tatalina, Western Alaska, Alaska, USA
TUC   32.3097N 110.7841W  906 US Tucson, Arizona, USA
TWAR  35.3613N  90.5596W   61 SE Twist, Arkansas, USA
TWB   33.1146N  80.1030W    9    Tillmans-Whites Bay, South Carolina, USA
UALR  34.7753N  92.3436W  138    University of Arkansas, Arkansas, USA
UGM    7.9125S 110.5231E  350 GE Wanagama, Jawa, Indonesia
ULN   47.5200N 107.0300E 1600 IU Ulaanbataar, Mongolia
UNV   53.8465N 166.5020W   67    Unalaska Valley, Aleutian Islands, Alaska, USA
UTMT  36.3423N  88.8642W  120    University of Tennessee at Martin, Tennessee, U
VGB   45.5156N 120.7775W  729 II Gordon Butte, Oregon, USA
VIPM  44.5081N 120.6188W 1731 II Ingram Point, Oregon, USA
VNDA  77.5172S 161.8528E  121 GT Vanda, Greater Antarctica, Antarctica
VTV   34.5670N 117.3333W  847 TS Victorville, California, USA
WADM  36.3661N  89.7958W   78 SE Wardell, Missouri, USA
WCI   38.2100N  86.3600W    0 US Wyandotte Cave, Indiana, USA
WCN   39.3106N 119.7563W 1709 NN Washoe City, Nevada, USA
WDC   40.5800N 122.5397W  300 US Whiskeytown Dam, Shasta County, California, USA
WES   42.3846N  71.3220W   60 X  Weston, Massachusetts, USA
WJPM  35.4108N 118.4806W 1122 NC Johns Peak, Kern County, California, USA
WMOK  34.7378N  98.7810W  486    Wichita Mountains, Oklahoma, USA
WMQ   43.8211N  87.6950E  970 IC Urumqi (Wulumuchi), Xinjiang, China (Mainland)
WRAB  19.9333S 134.3501E  266 II Tennant Creek, Northern Territory, Australia
WUAZ  35.5169N 111.3739W 1592 US Wupatki, Arizona, USA
WVL   44.5648N  69.6575W    0    Waterville (Colby College), Maine, USA
WVOR  42.4339N 118.6367W 1344    Wild Horse Valley, Oregon, USA
WVT   36.1300N  87.8300W  153 US Waverly, Tennessee, USA
XAN   34.0394N 108.9213E  630 IC Xian (Hsian), Shaanxi, China (Mainland)
YAK   62.0166N 129.7166E  125 IU Yakutsk, Yakutskaya ASSR, Russia
YBH   41.7318N 122.7105W  969 BK Yreka Blue Horn, California, USA
YMR   44.6686N 110.9650W 2149 UU Madison River, Wyoming, USA
YSNY  42.4758N  78.5375W  628 US Yorkshire, New York, USA
YSS   47.0166N 142.7166E   75 IU Yuzhno-Sakhalinsk, Sakhalinskaya Oblast, Russia
