A D/alarms_insert_format////
A D/alarms_insert_prog////
A D/alarms_insert_recipient////
A D/alarms_load_placelist////
A D/alarms_manager////
A D/alarms_process_format////
A D/alarms_process_new_recipient////
A D/alarms_process_prog////
A D/alarms_process_recipient////
A D/arc2trigII////
A D/archive////
A D/cnsscat2ora////
A D/coinclist////
A D/custom_delivery////
A D/db_cleanup////
A D/db_cleanup2////
A D/delete_event////
A D/dewey_insert////
A D/dewey_pwd////
A D/email_sender////
A D/eqparam2html////
A D/evtK2ora////
A D/evt_discr////
A D/gencatalog////
A D/get_transfunc////
A D/getimage////
A D/getlist////
A D/glevt2ora////
A D/hypo2ora////
A D/hypo71cat2ora////
A D/mag2ora////
A D/ms_server////
A D/nc_polygon////
A D/nsn_pz2ora////
A D/nsn_pz2sac////
A D/ora2sactarfile////
A D/ora2snippet_gif////
A D/ora_trace_fetch////
A D/ora_trace_req////
A D/ora_trace_save////
A D/orareport////
A D/pick2ora////
A D/qdds_sender////
A D/reaper////
A D/retrieve_pick////
A D/review_alarm_msg////
A D/review_confirm////
A D/review_event////
A D/review_finish////
A D/review_get_alarms////
A D/review_next_action////
A D/review_other_solutions////
A D/review_process_alarms////
A D/review_process_event////
A D/review_show_alarm_msg////
A D/review_update_alarms_msg////
A D/sac_pz2ora////
A D/scn2pz////
A D/shakemapfeed////
A D/sm_ew2ora////
A D/smdbtest////
A D/smdbtest2////
A D/sta_display////
A D/stainfo////
A D/stalist_hinv2ora////
A D/stalist_loader////
A D/stalist_maker////
A D/stalist_shkmap2ora////
A D/stalist_usnsn2ora////
A D/state_manager////
A D/triglist2ora////
A D/uh_getsnippets////
A D/uh_review_sm////
A D/unlocker////
A D/usnsn_loc2ora////
A D/utah_polygon////
A D/wvdbtest////
A D/yelstone_polygon////
