// @(#)ida.sta	1.1 12/26/97
// Pin number definition for selected Project IDA stations
//
//                                   MinBigZC    RawDataFilt    LtaFilt         DeadSta          PreEvent
// Pick  Pin     Sta/Net/        MinSmallZC   MaxMint        StaFilt       RmavFilt           AltCoda
// flag  Numb    Comp/Loc       Itr1   MinPeakSize   CharFuncFilt  EventThresh          CodaTerm          Erefs
// ----  ----    -------------  -------------------------------------------------------------------------------
     0   2000   KDAK II BHZ --  3  40  3  60  500  .985  3.  .6  .03  5.  .9961  1200.  49.14  .8  1.5  50000.
     0   2001   KDAK II BHN --  3  40  3  60  500  .985  3.  .6  .03  5.  .9961  1200.  49.14  .8  1.5  50000.
     0   2002   KDAK II BHE --  3  40  3  60  500  .985  3.  .6  .03  5.  .9961  1200.  49.14  .8  1.5  50000.
     0   2003   KIP  II BHZ --  3  40  3  60  500  .985  3.  .6  .03  5.  .9961  1200.  49.14  .8  1.5  50000.
     0   2004   KIP  II BHN --  3  40  3  60  500  .985  3.  .6  .03  5.  .9961  1200.  49.14  .8  1.5  50000.
     0   2005   KIP  II BHE --  3  40  3  60  500  .985  3.  .6  .03  5.  .9961  1200.  49.14  .8  1.5  50000.
     0   2006   NNA  II BHZ --  3  40  3  60  500  .985  3.  .6  .03  5.  .9961  1200.  49.14  .8  1.5  50000.
     0   2007   NNA  II BHN --  3  40  3  60  500  .985  3.  .6  .03  5.  .9961  1200.  49.14  .8  1.5  50000.
     0   2008   NNA  II BHE --  3  40  3  60  500  .985  3.  .6  .03  5.  .9961  1200.  49.14  .8  1.5  50000.
     0   2009   PFO  II BHZ --  3  40  3  60  500  .985  3.  .6  .03  5.  .9961  1200.  49.14  .8  1.5  50000.
     0   2010   PFO  II BHN --  3  40  3  60  500  .985  3.  .6  .03  5.  .9961  1200.  49.14  .8  1.5  50000.
     0   2011   PFO  II BHE --  3  40  3  60  500  .985  3.  .6  .03  5.  .9961  1200.  49.14  .8  1.5  50000.
     0   2012   SUR  II BHZ --  3  40  3  60  500  .985  3.  .6  .03  5.  .9961  1200.  49.14  .8  1.5  50000.
     0   2013   SUR  II BHN --  3  40  3  60  500  .985  3.  .6  .03  5.  .9961  1200.  49.14  .8  1.5  50000.
     0   2014   SUR  II BHE --  3  40  3  60  500  .985  3.  .6  .03  5.  .9961  1200.  49.14  .8  1.5  50000.
     0   2015   TAU  II BHZ --  3  40  3  60  500  .985  3.  .6  .03  5.  .9961  1200.  49.14  .8  1.5  50000.
     0   2016   TAU  II BHN --  3  40  3  60  500  .985  3.  .6  .03  5.  .9961  1200.  49.14  .8  1.5  50000.
     0   2017   TAU  II BHE --  3  40  3  60  500  .985  3.  .6  .03  5.  .9961  1200.  49.14  .8  1.5  50000.

