# Archivo de configuracion de estaciones para Develo GTK
# Formato: Estacion  Canal  Red  EscalaVisual
# ---------------------------------------------------
BCIP    BHZ    CU    0.005
RPN     BHZ    II    0.005
PTCN    BHZ    IU    0.005
RAR     BHZ    IU    0.005
XMAS    BHZ    IU    0.005
SDV     BHZ    IU    0.005
OTAV    BHZ    IU    0.005
PAYG    BHZ    IU    0.005
RCBR    BHZ    IU    0.005
SAML    BHZ    IU    0.005
HYO0    BHZ    PE    0.005
GUA0    BHZ    PE    0.005
YCA0    BHZ    PE    0.005
LPAZ    BHZ    GT    0.005
QLK0    BHZ    PE    0.005
TOQ0    BHZ    PE    0.005
PB18    BHZ    CX    0.005
PB16    BHZ    CX    0.005
AP01    BHZ    C1    0.005
VICU    HHZ    TC    0.005
PB12    BHZ    CX    0.005
PX02    HLZ    CX    0.005
MNMCX   BHZ    CX    0.005
ENQU    HHZ    TC    0.005
PSGCX   BHZ    CX    0.005
GO01    BHZ    C     0.005
PB11    BHZ    CX    0.005
PB08    BHZ    CX    0.005
TA02    BHZ    C1    0.005
HMBCX   BHZ    CX    0.005
PX03    HLZ    CX    0.005
TA01    BHZ    C1    0.005
BLOQ    HHZ    TC    0.005
PATCX   BHZ    CX    0.005
PB01    BHZ    CX    0.005
AVAL    HHZ    TC    0.005
PB02    BHZ    CX    0.005
PB07    BHZ    CX    0.005
PB09    BHZ    CX    0.005
PORU    HHZ    TC    0.005
PB03    BHZ    CX    0.005
PB04    BHZ    CX    0.005
LVC     BHZ    IU    0.005
PB06    BHZ    CX    0.005
PB05    BHZ    CX    0.005
AF01    BHZ    C1    0.005
PB15    BHZ    CX    0.005
LASC    HHZ    TC    0.005
PB10    BHZ    CX    0.005
PB19    BHZ    CX    0.005
PB14    BHZ    CX    0.005
SLA     HHZ    RI    0.005
PAJO    HHZ    TC    0.005
GO02    BHZ    C     0.005
AC01    BHZ    C1    0.005
CPUP    BHZ    GT    0.005
AHML    HHZ    RI    0.005
AC02    BHZ    C1    0.005
AC07    BHZ    C1    0.005
VA02    BHZ    C1    0.005
AC03    BHZ    C1    0.005
AC06    BHZ    C1    0.005
GO03    BHZ    C     0.005
AC04    BHZ    C1    0.005
CYA     HHZ    RI    0.005
VCA     HHZ    RI    0.005
AC05    BHZ    C1    0.005
LCO     BHZ    IU    0.005
CO10    BHZ    C1    0.005
CO05    BHZ    C1    0.005
CO01    BHZ    C1    0.005
GO04    BHZ    C     0.005
CO06    BHZ    C1    0.005
CO03    BHZ    C1    0.005
CO02    BHZ    C1    0.005
TCA     HHZ    RI    0.005
RTLL    HHZ    RI    0.005
CO04    BHZ    C1    0.005
VA06    BHZ    C1    0.005
VA03    BHZ    C1    0.005
ROC1    BHZ    C1    0.005
MT07    BHZ    C1    0.005
VA01    BHZ    C1    0.005
PEL     BHZ    G     0.005
MT02    BHZ    C1    0.005
MT10    BHZ    C1    0.005
FAR1    BHZ    C     0.005
TUPU    HHZ    TC    0.005
MT05    BHZ    C1    0.005
MT08    BHZ    C1    0.005
MT16    BHZ    C1    0.005
MT04    BHZ    C1    0.005
DG06    BHZ    C1    0.005
MT03    BHZ    C1    0.005
MT15    BHZ    C1    0.005
VA04    BHZ    C1    0.005
VA05    BHZ    C1    0.005
MT12    BHZ    C1    0.005
MT13    BHZ    C1    0.005
MT09    BHZ    C1    0.005
SNJO    HHZ    TC    0.005
LMEL    BHZ    C     0.005
MT01    BHZ    C1    0.005
BO04    BHZ    C1    0.005
BO01    BHZ    C1    0.005
BO03    BHZ    C1    0.005
BO02    BHZ    C1    0.005
AZUF    HHZ    TC    0.005
GO05    BHZ    C     0.005
#ADU2   HHZ    TC    0.005
CARR    HHZ    TC    0.005
#GUP    HHZ    TC    0.005
ML02    BHZ    C1    0.005
#AVAN   HHZ    TC    0.005
BI06    BHZ    C1    0.005
#COLO   HHZ    TC    0.005
CAST    HHZ    TC    0.005
BI02    BHZ    C1    0.005
BI05    BHZ    C1    0.005
CCSP    HNZ    C     0.005
ELTO    HHZ    TC    0.005
#CHCY   HHZ    TC    0.005
BOSQ    HHZ    TC    0.005
CAQ     HHZ    TC    0.005
TRQA    BHZ    IU    0.005
FILO    HHZ    TC    0.005
BI04    BHZ    C1    0.005
LC02    BHZ    C1    0.005
LC01    BHZ    C1    0.005
VETA    HHZ    TC    0.005
LC09    BHZ    C1    0.005
GO06    BHZ    C     0.005
LR03    BHZ    C1    0.005
LR04    BHZ    C1    0.005
#LLIF   HHZ    TC    0.005
LR05    BHZ    C1    0.005
QUIR    HHZ    TC    0.005
PLCA    BHZ    GT    0.005
LL04    BHZ    C1    0.005
LL03    BHZ    C1    0.005
LL05    BHZ    C1    0.005
PINT    HHZ    TC    0.005
LL06    BHZ    C1    0.005
AYA     HHZ    VC    0.005
POY     HHZ    VC    0.005
LL01    BHZ    C1    0.005
QUI     HHZ    TC    0.005
GLCR    HHZ    VC    0.005
PSTO    HHZ    VC    0.005
BO2     HHZ    TC    0.005
LL07    BHZ    C1    0.005
PDRA    HHZ    VC    0.005
BLA     HHZ    TC    0.005
VNTQ    HHZ    VC    0.005
TUR     HHZ    VC    0.005
CA2     HHZ    VC    0.005
CAV     HHZ    TC    0.005
GO07    BHZ    C     0.005
COR     HHZ    VC    0.005
LL02    BHZ    C1    0.005
MLLO    HHZ    VC    0.005
RMB     HHZ    VC    0.005
LJUN    HHZ    VC    0.005
LOPS    HHZ    VC    0.005
PHPI    HHZ    VC    0.005
AY01    BHZ    C1    0.005
MGDN    HHZ    VC    0.005
USPA    HHZ    VC    0.005
YLTN    HHZ    VC    0.005
CUEV    HHZ    VC    0.005
ETRA    HHZ    VC    0.005
AYSN    HHZ    VC    0.005
CHAC    HHZ    VC    0.005
CYQE    HHZ    VC    0.005
COYC    BHZ    G     0.005
HUEM    BHZ    G     0.005
HUDS    HHZ    VC    0.005
FRIO    HHZ    VC    0.005
ADAL    HHZ    VC    0.005
AY02    BHZ    C1    0.005
AY03    BHZ    C1    0.005
GO08    BHZ    C     0.005
GO09    BHZ    C     0.005
EFI     BHZ    II    0.005
MG05    BHZ    C1    0.005
MG02    BHZ    C1    0.005
MG04    BHZ    C1    0.005
GO10    BHZ    C     0.005
MG03    BHZ    C1    0.005
DSPA    BHZ    AI    0.005
USHA    BHZ    RI    0.005
MG01    BHZ    C1    0.005
IN43    HNZ    C1    0.005
JUBA    HHZ    AI    0.005
IN44    BHZ    C1    0.005
ESPZ    BHZ    AI    0.005
PMSA    BHZ    IU    0.005